<?xml version="1.0" encoding="UTF-8"?>
<testsuites name="jest tests" tests="1" failures="0" errors="0" time="0.636">
  <testsuite name="GET /" errors="0" failures="0" skipped="0" timestamp="2024-08-16T19:49:08" time="0.577" tests="1">
    <testcase classname="GET / should return Hello World!" name="GET / should return Hello World!" time="0.055">
    </testcase>
  </testsuite>
</testsuites>